=== pydata/xarray 시작 ===
pydata/xarray: 110개 인스턴스
seed: bench/data/seed_all/embed_seed__no_paths.csv — 229개 인스턴스
[1/110] ok   pydata__xarray-2905 files=152 gold=1 ceiling=1.00
[2/110] ok   pydata__xarray-2922 files=141 gold=4 ceiling=0.75
[3/110] ok   pydata__xarray-3095 files=135 gold=2 ceiling=1.00
[4/110] ok   pydata__xarray-3114 files=135 gold=3 ceiling=1.00
[5/110] ok   pydata__xarray-3151 files=135 gold=1 ceiling=1.00
[6/110] ok   pydata__xarray-3156 files=135 gold=1 ceiling=1.00
[7/110] ok   pydata__xarray-3159 files=137 gold=2 ceiling=1.00
[8/110] ok   pydata__xarray-3239 files=137 gold=5 ceiling=1.00
[9/110] ok   pydata__xarray-3302 files=144 gold=4 ceiling=1.00
[10/110] ok   pydata__xarray-3305 files=137 gold=2 ceiling=1.00
[11/110] ok   pydata__xarray-3338 files=137 gold=1 ceiling=1.00
[12/110] ok   pydata__xarray-3364 files=139 gold=1 ceiling=1.00
[13/110] ok   pydata__xarray-3406 files=142 gold=1 ceiling=1.00
[14/110] ok   pydata__xarray-3520 files=144 gold=2 ceiling=1.00
[15/110] ok   pydata__xarray-3527 files=144 gold=1 ceiling=1.00
[16/110] ok   pydata__xarray-3631 files=144 gold=5 ceiling=1.00
[17/110] ok   pydata__xarray-3635 files=144 gold=1 ceiling=1.00
[18/110] ok   pydata__xarray-3637 files=144 gold=2 ceiling=1.00
[19/110] ok   pydata__xarray-3649 files=144 gold=1 ceiling=1.00
[20/110] ok   pydata__xarray-3677 files=144 gold=1 ceiling=1.00
[21/110] ok   pydata__xarray-3733 files=143 gold=7 ceiling=1.00
[22/110] ok   pydata__xarray-3812 files=141 gold=1 ceiling=1.00
[23/110] ok   pydata__xarray-3905 files=144 gold=1 ceiling=1.00
[24/110] ok   pydata__xarray-3976 files=143 gold=1 ceiling=1.00
[25/110] ok   pydata__xarray-3979 files=143 gold=1 ceiling=1.00
[26/110] ok   pydata__xarray-3993 files=151 gold=2 ceiling=1.00
[27/110] ok   pydata__xarray-4075 files=143 gold=1 ceiling=1.00
[28/110] ok   pydata__xarray-4094 files=144 gold=1 ceiling=1.00
[29/110] ok   pydata__xarray-4098 files=143 gold=1 ceiling=1.00
[30/110] ok   pydata__xarray-4182 files=144 gold=1 ceiling=1.00
[31/110] ok   pydata__xarray-4184 files=144 gold=3 ceiling=0.67
[32/110] ok   pydata__xarray-4248 files=146 gold=1 ceiling=1.00
[33/110] ok   pydata__xarray-4339 files=146 gold=1 ceiling=1.00
[34/110] ok   pydata__xarray-4356 files=146 gold=1 ceiling=1.00
[35/110] ok   pydata__xarray-4419 files=146 gold=1 ceiling=1.00
[36/110] ok   pydata__xarray-4423 files=146 gold=1 ceiling=1.00
[37/110] ok   pydata__xarray-4442 files=152 gold=1 ceiling=1.00
[38/110] ok   pydata__xarray-4493 files=152 gold=1 ceiling=1.00
[39/110] ok   pydata__xarray-4510 files=148 gold=2 ceiling=1.00
[40/110] ok   pydata__xarray-4629 files=149 gold=1 ceiling=1.00
[41/110] ok   pydata__xarray-4683 files=150 gold=4 ceiling=1.00
[42/110] ok   pydata__xarray-4684 files=151 gold=1 ceiling=1.00
[43/110] ok   pydata__xarray-4687 files=165 gold=1 ceiling=1.00
[44/110] ok   pydata__xarray-4695 files=150 gold=1 ceiling=1.00
[45/110] ok   pydata__xarray-4750 files=151 gold=2 ceiling=1.00
[46/110] ok   pydata__xarray-4758 files=152 gold=2 ceiling=1.00
[47/110] ok   pydata__xarray-4759 files=151 gold=7 ceiling=1.00
[48/110] ok   pydata__xarray-4767 files=151 gold=2 ceiling=1.00
[49/110] ok   pydata__xarray-4802 files=151 gold=1 ceiling=1.00
[50/110] ok   pydata__xarray-4819 files=151 gold=2 ceiling=1.00
[51/110] ok   pydata__xarray-4827 files=152 gold=3 ceiling=1.00
[52/110] ok   pydata__xarray-4879 files=172 gold=1 ceiling=1.00
[53/110] ok   pydata__xarray-4911 files=152 gold=3 ceiling=1.00
[54/110] ok   pydata__xarray-4939 files=152 gold=1 ceiling=1.00
[55/110] ok   pydata__xarray-4940 files=153 gold=1 ceiling=1.00
[56/110] ok   pydata__xarray-4966 files=153 gold=1 ceiling=1.00
[57/110] ok   pydata__xarray-4994 files=152 gold=1 ceiling=1.00
[58/110] ok   pydata__xarray-5033 files=152 gold=2 ceiling=1.00
[59/110] ok   pydata__xarray-5126 files=154 gold=3 ceiling=1.00
[60/110] ok   pydata__xarray-5131 files=152 gold=1 ceiling=1.00
[61/110] ok   pydata__xarray-5180 files=154 gold=1 ceiling=1.00
[62/110] ok   pydata__xarray-5187 files=154 gold=5 ceiling=1.00
[63/110] ok   pydata__xarray-5233 files=163 gold=7 ceiling=0.86
[64/110] ok   pydata__xarray-5362 files=154 gold=1 ceiling=1.00
[65/110] ok   pydata__xarray-5365 files=164 gold=2 ceiling=1.00
[66/110] ok   pydata__xarray-5455 files=156 gold=10 ceiling=1.00
[67/110] ok   pydata__xarray-5580 files=156 gold=1 ceiling=1.00
[68/110] ok   pydata__xarray-5662 files=163 gold=1 ceiling=1.00
[69/110] ok   pydata__xarray-5682 files=156 gold=1 ceiling=1.00
[70/110] ok   pydata__xarray-5731 files=164 gold=3 ceiling=1.00
[71/110] ok   pydata__xarray-6135 files=165 gold=2 ceiling=1.00
[72/110] ok   pydata__xarray-6386 files=165 gold=1 ceiling=1.00
[73/110] ok   pydata__xarray-6394 files=165 gold=1 ceiling=1.00
[74/110] ok   pydata__xarray-6400 files=165 gold=3 ceiling=1.00
[75/110] ok   pydata__xarray-6461 files=165 gold=1 ceiling=1.00
[76/110] ok   pydata__xarray-6548 files=164 gold=2 ceiling=0.50
[77/110] ok   pydata__xarray-6598 files=165 gold=1 ceiling=1.00
[78/110] ok   pydata__xarray-6599 files=165 gold=1 ceiling=1.00
[79/110] ok   pydata__xarray-6601 files=165 gold=1 ceiling=1.00
[80/110] ok   pydata__xarray-6721 files=166 gold=1 ceiling=1.00
[81/110] ok   pydata__xarray-6744 files=167 gold=1 ceiling=1.00
[82/110] ok   pydata__xarray-6798 files=168 gold=3 ceiling=1.00
[83/110] ok   pydata__xarray-6804 files=167 gold=4 ceiling=1.00
[84/110] ok   pydata__xarray-6823 files=168 gold=1 ceiling=1.00
[85/110] ok   pydata__xarray-6857 files=170 gold=1 ceiling=1.00
[86/110] ok   pydata__xarray-6882 files=168 gold=1 ceiling=1.00
[87/110] ok   pydata__xarray-6889 files=170 gold=1 ceiling=1.00
[88/110] ok   pydata__xarray-6938 files=170 gold=2 ceiling=1.00
[89/110] ok   pydata__xarray-6971 files=169 gold=4 ceiling=0.75
[90/110] ok   pydata__xarray-6992 files=169 gold=2 ceiling=1.00
[91/110] ok   pydata__xarray-6999 files=169 gold=2 ceiling=1.00
[92/110] ok   pydata__xarray-7003 files=170 gold=1 ceiling=1.00
[93/110] ok   pydata__xarray-7019 files=171 gold=23 ceiling=0.91
[94/110] ok   pydata__xarray-7052 files=170 gold=12 ceiling=0.83
[95/110] ok   pydata__xarray-7089 files=170 gold=4 ceiling=1.00
[96/110] ok   pydata__xarray-7101 files=170 gold=1 ceiling=1.00
[97/110] ok   pydata__xarray-7105 files=170 gold=7 ceiling=1.00
[98/110] ok   pydata__xarray-7112 files=170 gold=5 ceiling=1.00
[99/110] ok   pydata__xarray-7120 files=170 gold=1 ceiling=1.00
[100/110] ok   pydata__xarray-7147 files=170 gold=1 ceiling=1.00
[101/110] ok   pydata__xarray-7150 files=170 gold=1 ceiling=1.00
[102/110] ok   pydata__xarray-7179 files=172 gold=23 ceiling=1.00
[103/110] ok   pydata__xarray-7203 files=172 gold=1 ceiling=1.00
[104/110] ok   pydata__xarray-7229 files=173 gold=1 ceiling=1.00
[105/110] ok   pydata__xarray-7233 files=173 gold=1 ceiling=1.00
[106/110] ok   pydata__xarray-7347 files=174 gold=1 ceiling=1.00
[107/110] ok   pydata__xarray-7391 files=174 gold=1 ceiling=1.00
[108/110] ok   pydata__xarray-7393 files=174 gold=1 ceiling=1.00
[109/110] ok   pydata__xarray-7400 files=174 gold=1 ceiling=1.00
[110/110] ok   pydata__xarray-7444 files=174 gold=4 ceiling=1.00
provenance → bench/data/instances_xarray_embedppr.provenance.json
  scanner: 921cbf6b4895944feb749dec66d2d0bb  /home/cheonsh/Telescode/bench/bin/TelescodeScanner
  algo: 18eaf26b8a689c81050929634f9f537f  /home/cheonsh/Telescode/bench/bin/TelescodeAlgo

피처 17145행 → bench/data/features_xarray_embedppr.csv
manifest → bench/data/instances_xarray_embedppr.csv
성공 110 / 실패 0 / 전체 110
=== pytest-dev/pytest 시작 ===
Warning: You are sending unauthenticated requests to the HF Hub. Please set a HF_TOKEN to enable higher rate limits and faster downloads.
pytest-dev/pytest: 119개 인스턴스
seed: bench/data/seed_all/embed_seed__no_paths.csv — 229개 인스턴스
[1/119] ok   pytest-dev__pytest-10051 files=245 gold=1 ceiling=1.00
[2/119] ok   pytest-dev__pytest-10081 files=245 gold=1 ceiling=1.00
[3/119] ok   pytest-dev__pytest-10115 files=245 gold=1 ceiling=1.00
[4/119] ok   pytest-dev__pytest-10343 files=244 gold=1 ceiling=1.00
[5/119] ok   pytest-dev__pytest-10356 files=244 gold=1 ceiling=1.00
[6/119] ok   pytest-dev__pytest-10371 files=249 gold=1 ceiling=1.00
[7/119] ok   pytest-dev__pytest-10442 files=249 gold=2 ceiling=1.00
[8/119] ok   pytest-dev__pytest-10482 files=249 gold=1 ceiling=1.00
[9/119] ok   pytest-dev__pytest-10552 files=249 gold=1 ceiling=1.00
[10/119] ok   pytest-dev__pytest-10624 files=249 gold=1 ceiling=1.00
[11/119] ok   pytest-dev__pytest-10758 files=249 gold=1 ceiling=1.00
[12/119] ok   pytest-dev__pytest-10893 files=250 gold=2 ceiling=1.00
[13/119] ok   pytest-dev__pytest-10988 files=249 gold=1 ceiling=1.00
[14/119] ok   pytest-dev__pytest-11041 files=249 gold=1 ceiling=1.00
[15/119] ok   pytest-dev__pytest-11044 files=249 gold=1 ceiling=1.00
[16/119] ok   pytest-dev__pytest-11047 files=249 gold=1 ceiling=1.00
[17/119] ok   pytest-dev__pytest-11125 files=249 gold=1 ceiling=1.00
[18/119] ok   pytest-dev__pytest-11143 files=249 gold=1 ceiling=1.00
[19/119] ok   pytest-dev__pytest-11148 files=249 gold=1 ceiling=1.00
[20/119] ok   pytest-dev__pytest-11160 files=249 gold=1 ceiling=1.00
[21/119] ok   pytest-dev__pytest-11178 files=249 gold=1 ceiling=1.00
[22/119] ok   pytest-dev__pytest-11217 files=249 gold=1 ceiling=1.00
[23/119] ok   pytest-dev__pytest-5103 files=198 gold=1 ceiling=1.00
[24/119] ok   pytest-dev__pytest-5205 files=198 gold=1 ceiling=1.00
[25/119] ok   pytest-dev__pytest-5221 files=198 gold=1 ceiling=1.00
[26/119] ok   pytest-dev__pytest-5227 files=198 gold=1 ceiling=1.00
[27/119] ok   pytest-dev__pytest-5254 files=198 gold=2 ceiling=1.00
[28/119] ok   pytest-dev__pytest-5262 files=198 gold=1 ceiling=1.00
[29/119] ok   pytest-dev__pytest-5281 files=198 gold=2 ceiling=1.00
[30/119] ok   pytest-dev__pytest-5356 files=198 gold=1 ceiling=1.00
[31/119] ok   pytest-dev__pytest-5404 files=197 gold=1 ceiling=1.00
[32/119] ok   pytest-dev__pytest-5413 files=197 gold=1 ceiling=1.00
[33/119] ok   pytest-dev__pytest-5479 files=198 gold=1 ceiling=1.00
[34/119] ok   pytest-dev__pytest-5495 files=200 gold=1 ceiling=1.00
[35/119] ok   pytest-dev__pytest-5550 files=200 gold=1 ceiling=1.00
[36/119] ok   pytest-dev__pytest-5555 files=200 gold=1 ceiling=1.00
[37/119] ok   pytest-dev__pytest-5559 files=200 gold=3 ceiling=1.00
[38/119] ok   pytest-dev__pytest-5631 files=201 gold=1 ceiling=1.00
[39/119] ok   pytest-dev__pytest-5692 files=201 gold=1 ceiling=1.00
[40/119] ok   pytest-dev__pytest-5787 files=202 gold=1 ceiling=1.00
[41/119] ok   pytest-dev__pytest-5808 files=202 gold=1 ceiling=1.00
[42/119] ok   pytest-dev__pytest-5809 files=199 gold=1 ceiling=1.00
[43/119] ok   pytest-dev__pytest-5840 files=202 gold=2 ceiling=1.00
[44/119] ok   pytest-dev__pytest-5980 files=203 gold=4 ceiling=0.75
[45/119] ok   pytest-dev__pytest-6116 files=205 gold=1 ceiling=1.00
[46/119] ok   pytest-dev__pytest-6186 files=205 gold=2 ceiling=1.00
[47/119] ok   pytest-dev__pytest-6197 files=203 gold=1 ceiling=1.00
[48/119] ok   pytest-dev__pytest-6202 files=203 gold=1 ceiling=1.00
[49/119] ok   pytest-dev__pytest-6214 files=203 gold=1 ceiling=1.00
[50/119] ok   pytest-dev__pytest-6283 files=209 gold=1 ceiling=1.00
[51/119] ok   pytest-dev__pytest-6323 files=202 gold=1 ceiling=1.00
[52/119] ok   pytest-dev__pytest-6368 files=199 gold=1 ceiling=1.00
[53/119] ok   pytest-dev__pytest-6680 files=203 gold=1 ceiling=1.00
[54/119] ok   pytest-dev__pytest-6926 files=203 gold=1 ceiling=1.00
[55/119] ok   pytest-dev__pytest-7046 files=209 gold=2 ceiling=1.00
[56/119] ok   pytest-dev__pytest-7122 files=205 gold=2 ceiling=0.50
[57/119] ok   pytest-dev__pytest-7151 files=206 gold=2 ceiling=1.00
[58/119] ok   pytest-dev__pytest-7158 files=206 gold=1 ceiling=1.00
[59/119] ok   pytest-dev__pytest-7168 files=207 gold=1 ceiling=1.00
[60/119] ok   pytest-dev__pytest-7186 files=210 gold=1 ceiling=1.00
[61/119] ok   pytest-dev__pytest-7205 files=210 gold=1 ceiling=1.00
[62/119] ok   pytest-dev__pytest-7220 files=209 gold=1 ceiling=1.00
[63/119] ok   pytest-dev__pytest-7231 files=209 gold=1 ceiling=1.00
[64/119] ok   pytest-dev__pytest-7236 files=209 gold=1 ceiling=1.00
[65/119] ok   pytest-dev__pytest-7283 files=205 gold=1 ceiling=1.00
[66/119] ok   pytest-dev__pytest-7314 files=200 gold=1 ceiling=1.00
[67/119] ok   pytest-dev__pytest-7324 files=212 gold=1 ceiling=1.00
[68/119] ok   pytest-dev__pytest-7352 files=215 gold=1 ceiling=1.00
[69/119] ok   pytest-dev__pytest-7373 files=215 gold=1 ceiling=1.00
[70/119] ok   pytest-dev__pytest-7432 files=214 gold=1 ceiling=1.00
[71/119] ok   pytest-dev__pytest-7466 files=214 gold=1 ceiling=1.00
[72/119] ok   pytest-dev__pytest-7468 files=214 gold=1 ceiling=1.00
[73/119] ok   pytest-dev__pytest-7481 files=214 gold=1 ceiling=1.00
[74/119] ok   pytest-dev__pytest-7490 files=214 gold=1 ceiling=1.00
[75/119] ok   pytest-dev__pytest-7499 files=214 gold=1 ceiling=1.00
[76/119] ok   pytest-dev__pytest-7500 files=214 gold=1 ceiling=1.00
[77/119] ok   pytest-dev__pytest-7521 files=215 gold=1 ceiling=1.00
[78/119] ok   pytest-dev__pytest-7535 files=215 gold=1 ceiling=1.00
[79/119] ok   pytest-dev__pytest-7571 files=215 gold=1 ceiling=1.00
[80/119] ok   pytest-dev__pytest-7637 files=214 gold=4 ceiling=1.00
[81/119] ok   pytest-dev__pytest-7648 files=216 gold=4 ceiling=1.00
[82/119] ok   pytest-dev__pytest-7673 files=214 gold=1 ceiling=1.00
[83/119] ok   pytest-dev__pytest-7749 files=214 gold=1 ceiling=1.00
[84/119] ok   pytest-dev__pytest-7939 files=223 gold=1 ceiling=1.00
[85/119] ok   pytest-dev__pytest-7982 files=223 gold=1 ceiling=1.00
[86/119] ok   pytest-dev__pytest-7985 files=224 gold=4 ceiling=1.00
[87/119] ok   pytest-dev__pytest-8022 files=224 gold=1 ceiling=1.00
[88/119] ok   pytest-dev__pytest-8033 files=224 gold=1 ceiling=1.00
[89/119] ok   pytest-dev__pytest-8055 files=224 gold=6 ceiling=0.67
[90/119] ok   pytest-dev__pytest-8124 files=229 gold=2 ceiling=1.00
[91/119] ok   pytest-dev__pytest-8250 files=234 gold=1 ceiling=1.00
[92/119] ok   pytest-dev__pytest-8365 files=235 gold=1 ceiling=1.00
[93/119] ok   pytest-dev__pytest-8399 files=235 gold=2 ceiling=1.00
[94/119] ok   pytest-dev__pytest-8422 files=235 gold=1 ceiling=1.00
[95/119] ok   pytest-dev__pytest-8428 files=249 gold=3 ceiling=1.00
[96/119] ok   pytest-dev__pytest-8447 files=236 gold=2 ceiling=1.00
[97/119] ok   pytest-dev__pytest-8463 files=235 gold=6 ceiling=0.83
[98/119] ok   pytest-dev__pytest-8516 files=235 gold=3 ceiling=1.00
[99/119] ok   pytest-dev__pytest-8641 files=236 gold=1 ceiling=1.00
[100/119] ok   pytest-dev__pytest-8861 files=235 gold=1 ceiling=1.00
[101/119] ok   pytest-dev__pytest-8906 files=235 gold=1 ceiling=1.00
[102/119] ok   pytest-dev__pytest-8950 files=240 gold=5 ceiling=1.00
[103/119] ok   pytest-dev__pytest-8952 files=238 gold=2 ceiling=1.00
[104/119] ok   pytest-dev__pytest-8987 files=240 gold=1 ceiling=1.00
[105/119] ok   pytest-dev__pytest-9064 files=240 gold=1 ceiling=1.00
[106/119] ok   pytest-dev__pytest-9066 files=240 gold=1 ceiling=1.00
[107/119] ok   pytest-dev__pytest-9133 files=240 gold=2 ceiling=1.00
[108/119] ok   pytest-dev__pytest-9249 files=242 gold=1 ceiling=1.00
[109/119] ok   pytest-dev__pytest-9279 files=244 gold=1 ceiling=1.00
[110/119] ok   pytest-dev__pytest-9359 files=244 gold=1 ceiling=1.00
[111/119] ok   pytest-dev__pytest-9475 files=244 gold=2 ceiling=1.00
[112/119] ok   pytest-dev__pytest-9624 files=244 gold=1 ceiling=1.00
[113/119] ok   pytest-dev__pytest-9646 files=244 gold=1 ceiling=1.00
[114/119] ok   pytest-dev__pytest-9681 files=244 gold=1 ceiling=1.00
[115/119] ok   pytest-dev__pytest-9709 files=244 gold=1 ceiling=1.00
[116/119] ok   pytest-dev__pytest-9780 files=244 gold=1 ceiling=1.00
[117/119] ok   pytest-dev__pytest-9798 files=244 gold=1 ceiling=1.00
[118/119] ok   pytest-dev__pytest-9911 files=245 gold=1 ceiling=1.00
[119/119] ok   pytest-dev__pytest-9956 files=245 gold=3 ceiling=1.00
provenance → bench/data/instances_pytest_embedppr.provenance.json
  scanner: 921cbf6b4895944feb749dec66d2d0bb  /home/cheonsh/Telescode/bench/bin/TelescodeScanner
  algo: 18eaf26b8a689c81050929634f9f537f  /home/cheonsh/Telescode/bench/bin/TelescodeAlgo

피처 26543행 → bench/data/features_pytest_embedppr.csv
manifest → bench/data/instances_pytest_embedppr.csv
성공 119 / 실패 0 / 전체 119
=== 전체 완료 ===
