blob 캐시 6,308개 (지문 일치)
    batch 1/1 (0s)
    batch 1/1 (1s)
    batch 1/1 (8s)
    batch 1/1 (1s)
    batch 1/1 (4s)
    batch 1/1 (1s)
    batch 1/1 (1s)
    batch 1/1 (9s)
    batch 1/1 (1s)
    batch 1/1 (1s)
    batch 1/1 (1s)
    batch 1/1 (2s)
    batch 1/1 (1s)
    batch 1/1 (3s)
    batch 1/1 (1s)
    batch 1/1 (4s)
    batch 1/1 (1s)
    batch 1/1 (2s)
    batch 1/1 (2s)
    batch 1/1 (1s)
    batch 1/1 (1s)
    batch 1/1 (3s)
    batch 1/1 (1s)
    batch 1/1 (1s)
    batch 1/1 (1s)
  build [25/229] jobs=25 chars=4,797,245
    batch 1/1 (1s)
    batch 1/1 (1s)
    batch 1/1 (1s)
    batch 1/1 (1s)
    batch 1/1 (1s)
    batch 1/1 (1s)
    batch 1/1 (13s)
    batch 1/1 (2s)
    batch 1/1 (1s)
    batch 1/1 (2s)
    batch 1/1 (1s)
    batch 1/1 (1s)
    batch 1/1 (2s)
    batch 1/1 (1s)
    batch 1/1 (4s)
    batch 1/1 (2s)
    batch 1/1 (1s)
    batch 1/1 (1s)
    batch 1/1 (2s)
    batch 1/1 (1s)
    batch 1/1 (1s)
    batch 1/1 (1s)
    batch 1/1 (1s)
    batch 1/1 (1s)
    batch 1/1 (3s)
  build [50/229] jobs=50 chars=9,635,260
    batch 1/1 (1s)
    batch 1/1 (1s)
    batch 1/1 (2s)
    batch 1/1 (2s)
    batch 1/1 (2s)
    batch 1/1 (2s)
    batch 1/1 (3s)
    batch 1/1 (2s)
    batch 1/1 (4s)
    batch 1/1 (3s)
    batch 1/1 (7s)
    batch 1/1 (7s)
    batch 1/1 (3s)
    batch 1/1 (3s)
    batch 1/1 (1s)
    batch 1/1 (3s)
    batch 1/1 (2s)
    batch 1/1 (8s)
    batch 1/1 (1s)
    batch 1/1 (2s)
    batch 1/1 (2s)
    batch 1/1 (3s)
    batch 1/1 (2s)
    batch 1/1 (5s)
    batch 1/1 (2s)
  build [75/229] jobs=75 chars=14,334,049
    batch 1/1 (6s)
    batch 1/1 (2s)
    batch 1/1 (4s)
    batch 1/1 (17s)
    batch 1/1 (11s)
    batch 1/1 (14s)
    batch 1/1 (2s)
    batch 1/1 (14s)
    batch 1/1 (2s)
    batch 1/1 (1s)
    batch 1/1 (12s)
    batch 1/1 (1s)
    batch 1/1 (1s)
    batch 1/1 (1s)
    batch 1/1 (1s)
    batch 1/1 (11s)
    batch 1/1 (10s)
    batch 1/1 (1s)
    batch 1/1 (5s)
    batch 1/1 (2s)
    batch 1/1 (3s)
    batch 1/1 (3s)
    batch 1/1 (2s)
    batch 1/1 (3s)
    batch 1/1 (2s)
  build [100/229] jobs=100 chars=19,167,793
    batch 1/1 (2s)
    batch 1/1 (2s)
    batch 1/1 (5s)
    batch 1/1 (0s)
    batch 1/1 (1s)
    batch 1/1 (2s)
    batch 1/1 (4s)
    batch 1/1 (2s)
    batch 1/1 (1s)
    batch 1/1 (1s)
    batch 1/1 (1s)
    batch 1/1 (2s)
    batch 1/1 (1s)
    batch 1/1 (3s)
    batch 1/1 (1s)
    batch 1/1 (2s)
    batch 1/1 (3s)
    batch 1/1 (3s)
    batch 1/1 (2s)
    batch 1/1 (2s)
    batch 1/1 (1s)
    batch 1/1 (3s)
    batch 1/1 (3s)
    batch 1/1 (1s)
    batch 1/1 (1s)
  build [125/229] jobs=125 chars=23,891,240
    batch 1/1 (1s)
    batch 1/1 (1s)
    batch 1/1 (3s)
    batch 1/1 (1s)
    batch 1/1 (1s)
    batch 1/1 (2s)
    batch 1/1 (1s)
    batch 1/1 (1s)
    batch 1/1 (7s)
    batch 1/1 (3s)
    batch 1/1 (2s)
    batch 1/1 (2s)
    batch 1/1 (1s)
    batch 1/1 (2s)
    batch 1/1 (1s)
    batch 1/1 (2s)
    batch 1/1 (1s)
    batch 1/1 (2s)
    batch 1/1 (1s)
    batch 1/1 (1s)
    batch 1/1 (1s)
    batch 1/1 (2s)
    batch 1/1 (1s)
    batch 1/1 (1s)
    batch 1/1 (1s)
  build [150/229] jobs=150 chars=28,570,644
    batch 1/1 (1s)
    batch 1/1 (1s)
    batch 1/1 (1s)
    batch 1/1 (1s)
    batch 1/1 (1s)
    batch 1/1 (1s)
    batch 1/1 (1s)
    batch 1/1 (1s)
    batch 1/1 (2s)
    batch 1/1 (1s)
    batch 1/1 (1s)
    batch 1/1 (2s)
    batch 1/1 (1s)
    batch 1/1 (1s)
    batch 1/1 (1s)
    batch 1/1 (2s)
    batch 1/1 (1s)
    batch 1/1 (1s)
    batch 1/1 (1s)
    batch 1/1 (3s)
    batch 1/1 (2s)
    batch 1/1 (1s)
    batch 1/1 (1s)
    batch 1/1 (1s)
    batch 1/1 (1s)
  build [175/229] jobs=175 chars=33,245,359
    batch 1/1 (1s)
    batch 1/1 (3s)
    batch 1/1 (1s)
    batch 1/1 (6s)
    batch 1/1 (1s)
    batch 1/1 (4s)
    batch 1/1 (1s)
    batch 1/1 (1s)
    batch 1/1 (3s)
    batch 1/1 (1s)
    batch 1/1 (3s)
    batch 1/1 (2s)
    batch 1/1 (2s)
    batch 1/1 (1s)
    batch 1/1 (2s)
    batch 1/1 (2s)
    batch 1/1 (10s)
    batch 1/1 (1s)
    batch 1/1 (1s)
    batch 1/1 (1s)
    batch 1/1 (1s)
    batch 1/1 (1s)
    batch 1/1 (1s)
    batch 1/1 (5s)
    batch 1/1 (1s)
  build [200/229] jobs=200 chars=38,000,784
    batch 1/1 (6s)
    batch 1/1 (1s)
    batch 1/1 (1s)
    batch 1/1 (1s)
    batch 1/1 (2s)
    batch 1/1 (2s)
    batch 1/1 (1s)
    batch 1/1 (1s)
    batch 1/1 (2s)
    batch 1/1 (1s)
    batch 1/1 (1s)
    batch 1/1 (1s)
    batch 1/1 (1s)
    batch 1/1 (2s)
    batch 1/1 (1s)
    batch 1/1 (1s)
    batch 1/1 (1s)
    batch 1/1 (2s)
    batch 1/1 (1s)
    batch 1/1 (3s)
    batch 1/1 (1s)
    batch 1/1 (3s)
    batch 1/1 (1s)
    batch 1/1 (27s)
    batch 1/1 (7s)
  build [225/229] jobs=225 chars=42,729,019
    batch 1/1 (3s)
    batch 1/1 (1s)
    batch 1/1 (1s)
    batch 1/1 (5s)
  build [229/229] jobs=229 chars=43,438,411
리랭킹 229개 인스턴스 × 평균 50개 문서

model=cohere/rerank-4-fast
인스턴스 229 · 행 11,450
queries=229 docs=11,450 tokens=0 cost=$1.0680 152s
-> bench/data/seed_all/rerank_seed__no_paths.csv
